<html>
<body>
<pre>
<h1>µVision Build Log</h1>
<h2>Tool Versions:</h2>
IDE-Version: ¦ÌVision V5.23.0.0
Copyright (C) 2017 ARM Ltd and ARM Germany GmbH. All rights reserved.
License Information: AOTM 1061208, HP Inc., LIC=S5IQD-8ZHZW-ZDWK6-DH7TT-E0BQC-99NJG
 
Tool Versions:
Toolchain:       MDK-ARM Professional  Version: 5.23
Toolchain Path:  E:\Keil_v5\ARM\ARMCC\Bin
C Compiler:      Armcc.exe V5.06 update 4 (build 422)
Assembler:       Armasm.exe V5.06 update 4 (build 422)
Linker/Locator:  ArmLink.exe V5.06 update 4 (build 422)
Library Manager: ArmAr.exe V5.06 update 4 (build 422)
Hex Converter:   FromElf.exe V5.06 update 4 (build 422)
CPU DLL:         SARMCM3.DLL V5.23
Dialog DLL:      DCM.DLL V1.15.0.0
Target DLL:      CMSIS_AGDI.dll V1.27.5.0
Dialog DLL:      TCM.DLL V1.27.0.0
 
<h2>Project:</h2>
F:\RoboMaster\µç¿Ø\C°å½Ì³Ì\20.standard_robot\MDK-ARM\standard_robot.uvprojx
Project File Date:  10/24/2020

<h2>Output:</h2>
*** Using Compiler 'V5.06 update 4 (build 422)', folder: 'E:\Keil_v5\ARM\ARMCC\Bin'
Rebuild target 'standard_robot'
assembling startup_stm32f407xx.s...
compiling gpio.c...
compiling can.c...
compiling i2c.c...
compiling dma.c...
compiling adc.c...
compiling crc.c...
compiling main.c...
compiling freertos.c...
compiling rng.c...
compiling rtc.c...
compiling usart.c...
compiling usbd_desc.c...
compiling usbd_conf.c...
compiling spi.c...
compiling usb_device.c...
compiling tim.c...
compiling stm32f4xx_hal_msp.c...
compiling stm32f4xx_ll_usb.c...
compiling stm32f4xx_hal_adc_ex.c...
compiling stm32f4xx_hal_pcd.c...
compiling stm32f4xx_hal_pcd_ex.c...
compiling usbd_cdc_if.c...
compiling stm32f4xx_hal_adc.c...
compiling stm32f4xx_it.c...
compiling stm32f4xx_hal_crc.c...
compiling stm32f4xx_hal_can.c...
compiling stm32f4xx_hal_rng.c...
compiling stm32f4xx_hal_i2c_ex.c...
compiling stm32f4xx_hal_i2c.c...
compiling stm32f4xx_hal_rtc.c...
compiling stm32f4xx_hal_spi.c...
compiling stm32f4xx_hal_rtc_ex.c...
compiling stm32f4xx_hal_tim_ex.c...
compiling stm32f4xx_hal_rcc_ex.c...
compiling stm32f4xx_hal_tim.c...
compiling stm32f4xx_hal_flash.c...
compiling stm32f4xx_hal_flash_ramfunc.c...
compiling stm32f4xx_hal_flash_ex.c...
compiling stm32f4xx_hal_rcc.c...
compiling stm32f4xx_hal_uart.c...
compiling stm32f4xx_hal_gpio.c...
compiling stm32f4xx_hal.c...
compiling stm32f4xx_hal_dma.c...
compiling stm32f4xx_hal_dma_ex.c...
compiling croutine.c...
compiling list.c...
compiling event_groups.c...
compiling stm32f4xx_hal_pwr_ex.c...
compiling stm32f4xx_hal_exti.c...
compiling queue.c...
compiling stream_buffer.c...
compiling timers.c...
compiling stm32f4xx_hal_cortex.c...
compiling tasks.c...
compiling heap_4.c...
compiling stm32f4xx_hal_pwr.c...
compiling cmsis_os.c...
compiling port.c...
compiling system_stm32f4xx.c...
compiling bsp_adc.c...
compiling usbd_ctlreq.c...
compiling usbd_ioreq.c...
compiling bsp_can.c...
compiling bsp_buzzer.c...
compiling usbd_cdc.c...
compiling usbd_core.c...
compiling bsp_crc32.c...
compiling bsp_imu_pwm.c...
compiling bsp_fric.c...
compiling bsp_delay.c...
compiling bsp_laser.c...
compiling bsp_led.c...
compiling bsp_i2c.c...
compiling bsp_flash.c...
compiling calibrate_task.c...
compiling chassis_behaviour.c...
compiling bsp_rc.c...
compiling detect_task.c...
compiling gimbal_behaviour.c...
compiling bsp_rng.c...
compiling chassis_power_control.c...
compiling bsp_servo_pwm.c...
compiling bsp_usart.c...
compiling CAN_receive.c...
compiling bsp_spi.c...
compiling chassis_task.c...
compiling gimbal_task.c...
compiling INS_task.c...
compiling remote_control.c...
compiling referee.c...
compiling referee_usart_task.c...
compiling oled_task.c...
compiling shoot.c...
compiling test_task.c...
compiling usb_task.c...
compiling ist8310driver.c...
compiling voltage_task.c...
compiling BMI088driver.c...
compiling OLED.c...
compiling AHRS_middleware.c...
compiling user_lib.c...
compiling led_flow_task.c...
compiling servo_task.c...
compiling BMI088Middleware.c...
compiling ist8310driver_middleware.c...
compiling pid.c...
compiling fifo.c...
compiling CRC8_CRC16.c...
compiling mem_mang4.c...
linking...
Program Size: Code=104996 RO-data=13732 RW-data=1176 ZI-data=57824  
FromELF: creating hex file...
"standard_tpye_c\standard_tpye_c.axf" - 0 Error(s), 0 Warning(s).

<h2>Software Packages used:</h2>

Package Vendor: ARM
                http://www.keil.com/pack/ARM.CMSIS.5.0.1.pack
                ARM::CMSIS:CORE:5.0.1
                CMSIS (Cortex Microcontroller Software Interface Standard)
   * Component: CORE Version: 5.0.1

<h2>Collection of Component include folders:</h2>
  .\RTE\_standard_robot
  E:\Keil_v5\ARM\PACK\ARM\CMSIS\5.0.1\CMSIS\Include
  E:\Keil_v5\ARM\PACK\Keil\STM32F4xx_DFP\2.12.0\Drivers\CMSIS\Device\ST\STM32F4xx\Include

<h2>Collection of Component Files used:</h2>

   * Component: ARM::CMSIS:CORE:5.0.1
Build Time Elapsed:  00:02:29
</pre>
</body>
</html>
